Downloading cpython-3.14.5-linux-aarch64-gnu (download) (28.8MiB)
 Downloaded cpython-3.14.5-linux-aarch64-gnu (download)
Using CPython 3.14.5
WARN Fixing invalid version specifier by removing trailing comma (before: `>=2.7, !=3.0.*, !=3.1.*, !=3.2.*, !=3.3.*, !=3.4.*,`; after: `>=2.7, !=3.0.*, !=3.1.*, !=3.2.*, !=3.3.*, !=3.4.*`)
WARN Fixing invalid version specifier by removing trailing comma (before: `>=2.7, !=3.0.*, !=3.1.*, !=3.2.*, !=3.3.*, !=3.4.*,`; after: `>=2.7, !=3.0.*, !=3.1.*, !=3.2.*, !=3.3.*, !=3.4.*`)
WARN Fixing invalid version specifier by removing trailing comma (before: `>=2.7, !=3.0.*, !=3.1.*, !=3.2.*, !=3.3.*, !=3.4.*,`; after: `>=2.7, !=3.0.*, !=3.1.*, !=3.2.*, !=3.3.*, !=3.4.*`)
WARN Fixing invalid version specifier by removing trailing comma (before: `>=2.7, !=3.0.*, !=3.1.*, !=3.2.*, !=3.3.*, !=3.4.*,`; after: `>=2.7, !=3.0.*, !=3.1.*, !=3.2.*, !=3.3.*, !=3.4.*`)
WARN Fixing invalid version specifier by removing trailing comma (before: `>=2.7, !=3.0.*, !=3.1.*, !=3.2.*, !=3.3.*, !=3.4.*,`; after: `>=2.7, !=3.0.*, !=3.1.*, !=3.2.*, !=3.3.*, !=3.4.*`)
WARN Fixing invalid version specifier by removing trailing comma (before: `>=2.7, !=3.0.*, !=3.1.*, !=3.2.*, !=3.3.*, !=3.4.*,`; after: `>=2.7, !=3.0.*, !=3.1.*, !=3.2.*, !=3.3.*, !=3.4.*`)
WARN Fixing invalid version specifier by removing trailing comma (before: `>=2.7, !=3.0.*, !=3.1.*, !=3.2.*, !=3.3.*, !=3.4.*,`; after: `>=2.7, !=3.0.*, !=3.1.*, !=3.2.*, !=3.3.*, !=3.4.*`)
WARN Fixing invalid version specifier by removing trailing comma (before: `>=2.7, !=3.0.*, !=3.1.*, !=3.2.*, !=3.3.*, !=3.4.*,`; after: `>=2.7, !=3.0.*, !=3.1.*, !=3.2.*, !=3.3.*, !=3.4.*`)
WARN Fixing invalid version specifier by removing trailing comma (before: `>=2.7, !=3.0.*, !=3.1.*, !=3.2.*, !=3.3.*, !=3.4.*,`; after: `>=2.7, !=3.0.*, !=3.1.*, !=3.2.*, !=3.3.*, !=3.4.*`)
WARN Fixing invalid version specifier by removing trailing comma (before: `>=2.7, !=3.0.*, !=3.1.*, !=3.2.*, !=3.3.*, !=3.4.*,`; after: `>=2.7, !=3.0.*, !=3.1.*, !=3.2.*, !=3.3.*, !=3.4.*`)
WARN Fixing invalid version specifier by removing trailing comma (before: `>=2.7, !=3.0.*, !=3.1.*, !=3.2.*, !=3.3.*, !=3.4.*,`; after: `>=2.7, !=3.0.*, !=3.1.*, !=3.2.*, !=3.3.*, !=3.4.*`)
WARN Fixing invalid version specifier by removing trailing comma (before: `>=2.7, !=3.0.*, !=3.1.*, !=3.2.*, !=3.3.*, !=3.4.*,`; after: `>=2.7, !=3.0.*, !=3.1.*, !=3.2.*, !=3.3.*, !=3.4.*`)
WARN Fixing invalid version specifier by removing trailing comma (before: `>=2.7, !=3.0.*, !=3.1.*, !=3.2.*, !=3.3.*, !=3.4.*,`; after: `>=2.7, !=3.0.*, !=3.1.*, !=3.2.*, !=3.3.*, !=3.4.*`)
WARN Fixing invalid version specifier by removing trailing comma (before: `>=2.7, !=3.0.*, !=3.1.*, !=3.2.*, !=3.3.*, !=3.4.*,`; after: `>=2.7, !=3.0.*, !=3.1.*, !=3.2.*, !=3.3.*, !=3.4.*`)
WARN Fixing invalid version specifier by removing trailing comma (before: `>=2.7, !=3.0.*, !=3.1.*, !=3.2.*, !=3.3.*, !=3.4.*,`; after: `>=2.7, !=3.0.*, !=3.1.*, !=3.2.*, !=3.3.*, !=3.4.*`)
WARN Fixing invalid version specifier by removing trailing comma (before: `>=2.7, !=3.0.*, !=3.1.*, !=3.2.*, !=3.3.*, !=3.4.*,`; after: `>=2.7, !=3.0.*, !=3.1.*, !=3.2.*, !=3.3.*, !=3.4.*`)
WARN Fixing invalid version specifier by removing trailing comma (before: `>=3.6,`; after: `>=3.6`)
WARN Fixing invalid version specifier by removing trailing comma (before: `>=3.6,`; after: `>=3.6`)
WARN Fixing invalid version specifier by removing trailing comma (before: `>=3.6,`; after: `>=3.6`)
WARN Fixing invalid version specifier by removing trailing comma (before: `>=3.6,`; after: `>=3.6`)
WARN Fixing invalid version specifier by removing trailing comma (before: `>=3.6,`; after: `>=3.6`)
WARN Fixing invalid version specifier by removing trailing comma (before: `>=3.6,`; after: `>=3.6`)
WARN Fixing invalid version specifier by removing trailing comma (before: `>=3.6,`; after: `>=3.6`)
WARN Fixing invalid version specifier by removing trailing comma (before: `>=3.6,`; after: `>=3.6`)
WARN Fixing invalid version specifier by removing trailing comma (before: `>=3.6,`; after: `>=3.6`)
WARN Fixing invalid version specifier by removing trailing comma (before: `>=3.6,`; after: `>=3.6`)
WARN Fixing invalid version specifier by removing trailing comma (before: `>=3.6,`; after: `>=3.6`)
WARN Fixing invalid version specifier by removing trailing comma (before: `>=3.6,`; after: `>=3.6`)
WARN Fixing invalid version specifier by removing trailing comma (before: `>=3.6,`; after: `>=3.6`)
WARN Fixing invalid version specifier by removing trailing comma (before: `>=3.6,`; after: `>=3.6`)
WARN Fixing invalid version specifier by removing trailing comma (before: `>=3.6,`; after: `>=3.6`)
WARN Fixing invalid version specifier by removing trailing comma (before: `>=3.6,`; after: `>=3.6`)
WARN Fixing invalid version specifier by removing trailing comma (before: `>=3.6,`; after: `>=3.6`)
WARN Fixing invalid version specifier by removing trailing comma (before: `>=3.6,`; after: `>=3.6`)
WARN Fixing invalid version specifier by removing trailing comma (before: `>=3.6,`; after: `>=3.6`)
WARN Fixing invalid version specifier by removing trailing comma (before: `>=3.6,`; after: `>=3.6`)
WARN Fixing invalid version specifier by removing trailing comma (before: `>=3.6,`; after: `>=3.6`)
WARN Fixing invalid version specifier by removing trailing comma (before: `>=3.6,`; after: `>=3.6`)
WARN Fixing invalid version specifier by removing trailing comma (before: `>=3.6,`; after: `>=3.6`)
WARN Fixing invalid version specifier by removing trailing comma (before: `>=3.6,`; after: `>=3.6`)
WARN Fixing invalid version specifier by removing trailing comma (before: `>=3.6,`; after: `>=3.6`)
WARN Fixing invalid version specifier by removing trailing comma (before: `>=3.6,`; after: `>=3.6`)
WARN Fixing invalid version specifier by removing trailing comma (before: `>=3.6,`; after: `>=3.6`)
WARN Fixing invalid version specifier by removing trailing comma (before: `>=3.6,`; after: `>=3.6`)
WARN Fixing invalid version specifier by removing trailing comma (before: `>=3.6,`; after: `>=3.6`)
WARN Fixing invalid version specifier by removing trailing comma (before: `>=3.6,`; after: `>=3.6`)
WARN Fixing invalid version specifier by removing trailing comma (before: `>=3.6,`; after: `>=3.6`)
WARN Fixing invalid version specifier by removing trailing comma (before: `>=3.6,`; after: `>=3.6`)
WARN Fixing invalid version specifier by removing trailing comma (before: `>=3.6,`; after: `>=3.6`)
WARN Fixing invalid version specifier by removing trailing comma (before: `>=3.6,`; after: `>=3.6`)
WARN Fixing invalid version specifier by removing trailing comma (before: `>=3.6,`; after: `>=3.6`)
WARN Fixing invalid version specifier by removing trailing comma (before: `>=3.6,`; after: `>=3.6`)
WARN Fixing invalid version specifier by removing trailing comma (before: `>=3.6,`; after: `>=3.6`)
WARN Fixing invalid version specifier by removing trailing comma (before: `>=3.6,`; after: `>=3.6`)
WARN Fixing invalid version specifier by removing trailing comma (before: `>=3.6,`; after: `>=3.6`)
WARN Fixing invalid version specifier by removing trailing comma (before: `>=3.6,`; after: `>=3.6`)
WARN Fixing invalid version specifier by removing trailing comma (before: `>=3.6,`; after: `>=3.6`)
WARN Fixing invalid version specifier by removing trailing comma (before: `>=3.6,`; after: `>=3.6`)
WARN Fixing invalid version specifier by removing trailing comma (before: `>=3.6,`; after: `>=3.6`)
WARN Fixing invalid version specifier by removing trailing comma (before: `>=3.6,`; after: `>=3.6`)
WARN Fixing invalid version specifier by removing trailing comma (before: `>=3.7,`; after: `>=3.7`)
WARN Fixing invalid version specifier by removing trailing comma (before: `>=3.7,`; after: `>=3.7`)
WARN Fixing invalid version specifier by removing trailing comma (before: `>=3.7,`; after: `>=3.7`)
WARN Fixing invalid version specifier by removing trailing comma (before: `>=3.7,`; after: `>=3.7`)
WARN Fixing invalid version specifier by removing trailing comma (before: `>=3.7,`; after: `>=3.7`)
WARN Fixing invalid version specifier by removing trailing comma (before: `>=3.7,`; after: `>=3.7`)
WARN Fixing invalid version specifier by removing trailing comma (before: `>=3.7,`; after: `>=3.7`)
WARN Fixing invalid version specifier by removing trailing comma (before: `>=3.7,`; after: `>=3.7`)
WARN Fixing invalid version specifier by removing trailing comma (before: `>=3.7,`; after: `>=3.7`)
WARN Fixing invalid version specifier by removing trailing comma (before: `>=3.7,`; after: `>=3.7`)
WARN Fixing invalid version specifier by removing trailing comma (before: `>=3.7,`; after: `>=3.7`)
WARN Fixing invalid version specifier by removing trailing comma (before: `>=3.7,`; after: `>=3.7`)
WARN Fixing invalid version specifier by removing trailing comma (before: `>=3.7,`; after: `>=3.7`)
WARN Fixing invalid version specifier by removing trailing comma (before: `>=3.7,`; after: `>=3.7`)
WARN Fixing invalid version specifier by removing trailing comma (before: `>=3.7,`; after: `>=3.7`)
WARN Fixing invalid version specifier by removing trailing comma (before: `>=3.7,`; after: `>=3.7`)
WARN Fixing invalid version specifier by removing trailing comma (before: `>=3.7,`; after: `>=3.7`)
WARN Fixing invalid version specifier by removing trailing comma (before: `>=3.7,`; after: `>=3.7`)
WARN Fixing invalid version specifier by removing trailing comma (before: `>=3.6,`; after: `>=3.6`)
WARN Fixing invalid version specifier by removing trailing comma (before: `>=3.6,`; after: `>=3.6`)
WARN Fixing invalid version specifier by removing trailing comma (before: `>=3.6,`; after: `>=3.6`)
WARN Fixing invalid version specifier by removing trailing comma (before: `>=3.6,`; after: `>=3.6`)
WARN Fixing invalid version specifier by removing trailing comma (before: `>=3.6,`; after: `>=3.6`)
WARN Fixing invalid version specifier by removing trailing comma (before: `>=3.6,`; after: `>=3.6`)
WARN Fixing invalid version specifier by removing trailing comma (before: `>=3.6,`; after: `>=3.6`)
WARN Fixing invalid version specifier by removing trailing comma (before: `>=3.6,`; after: `>=3.6`)
WARN Fixing invalid version specifier by removing trailing comma (before: `>=3.6,`; after: `>=3.6`)
WARN Fixing invalid version specifier by removing trailing comma (before: `>=3.6,`; after: `>=3.6`)
WARN Fixing invalid version specifier by removing trailing comma (before: `>=3.6,`; after: `>=3.6`)
WARN Fixing invalid version specifier by removing trailing comma (before: `>=3.6,`; after: `>=3.6`)
WARN Retry attempt #0. Sleeping 1.788570743s before the next attempt
WARN Retry attempt #0. Sleeping 1.862368294s before the next attempt
WARN Retry attempt #0. Sleeping 1.35955207s before the next attempt
WARN Retry attempt #0. Sleeping 1.772279857s before the next attempt
WARN Retry attempt #0. Sleeping 1.399029823s before the next attempt
WARN Retry attempt #0. Sleeping 1.890402221s before the next attempt
WARN Retry attempt #0. Sleeping 1.595338186s before the next attempt
error: Request failed after 3 retries in 82.5s
  Caused by: Failed to fetch: `https://pypi.org/simple/pillow/`
  Caused by: error decoding response body
  Caused by: request or response body error
  Caused by: operation timed out
