 Container ntc-rag-phase2-worker-1  Stopping
 Container ntc-rag-phase2-reverse-proxy-1  Stopping
 Container ntc-rag-phase2-mailpit-1  Stopping
 Container ntc-rag-phase2-dcgm-exporter-1  Stopping
 Container ntc-rag-phase2-grafana-1  Stopping
 Container ntc-rag-phase2-grafana-1  Stopped
 Container ntc-rag-phase2-grafana-1  Removing
 Container ntc-rag-phase2-grafana-1  Removed
 Container ntc-rag-phase2-prometheus-1  Stopping
 Container ntc-rag-phase2-reverse-proxy-1  Stopped
 Container ntc-rag-phase2-reverse-proxy-1  Removing
 Container ntc-rag-phase2-reverse-proxy-1  Removed
 Container ntc-rag-phase2-web-1  Stopping
 Container ntc-rag-phase2-api-1  Stopping
 Container ntc-rag-phase2-prometheus-1  Stopped
 Container ntc-rag-phase2-prometheus-1  Removing
 Container ntc-rag-phase2-dcgm-exporter-1  Stopped
 Container ntc-rag-phase2-dcgm-exporter-1  Removing
 Container ntc-rag-phase2-prometheus-1  Removed
 Container ntc-rag-phase2-dcgm-exporter-1  Removed
 Container ntc-rag-phase2-web-1  Stopped
 Container ntc-rag-phase2-web-1  Removing
 Container ntc-rag-phase2-mailpit-1  Stopped
 Container ntc-rag-phase2-mailpit-1  Removing
 Container ntc-rag-phase2-web-1  Removed
 Container ntc-rag-phase2-mailpit-1  Removed
 Container ntc-rag-phase2-api-1  Stopped
 Container ntc-rag-phase2-api-1  Removing
 Container ntc-rag-phase2-api-1  Removed
 Container ntc-rag-phase2-qdrant-1  Stopping
 Container ntc-rag-phase2-postgres-1  Stopping
 Container ntc-rag-phase2-redis-1  Stopping
 Container ntc-rag-phase2-minio-1  Stopping
 Container ntc-rag-phase2-qdrant-1  Stopped
 Container ntc-rag-phase2-qdrant-1  Removing
 Container ntc-rag-phase2-minio-1  Stopped
 Container ntc-rag-phase2-minio-1  Removing
 Container ntc-rag-phase2-qdrant-1  Removed
 Container ntc-rag-phase2-postgres-1  Stopped
 Container ntc-rag-phase2-postgres-1  Removing
 Container ntc-rag-phase2-minio-1  Removed
 Container ntc-rag-phase2-redis-1  Stopped
 Container ntc-rag-phase2-redis-1  Removing
 Container ntc-rag-phase2-postgres-1  Removed
 Container ntc-rag-phase2-redis-1  Removed
 Container ntc-rag-phase2-worker-1  Stopped
 Container ntc-rag-phase2-worker-1  Removing
 Container ntc-rag-phase2-worker-1  Removed
 Container ntc-rag-phase2-rabbitmq-1  Stopping
 Container ntc-rag-phase2-rabbitmq-1  Stopped
 Container ntc-rag-phase2-rabbitmq-1  Removing
 Container ntc-rag-phase2-rabbitmq-1  Removed
 Network ntc-rag-phase2_edge  Removing
 Network ntc-rag-phase2_internal  Removing
 Network ntc-rag-phase2_internal  Removed
 Network ntc-rag-phase2_edge  Removed
